// Jest Snapshot v1, https://goo.gl/fbAQLP

exports[`Blob Simple Viewer component rendering matches the snapshot 1`] = `
<div>
  <div
    class="code file-content js-syntax-highlight"
  >
    <div
      class="gl-pt-0! line-numbers"
    >
      <a
        class="diff-line-num js-line-number"
        data-line-number="1"
        href="#LC1"
        id="reference-0"
      >
        <gl-icon-stub
          name="link"
          size="12"
        />
        1
      </a>
      <a
        class="diff-line-num js-line-number"
        data-line-number="2"
        href="#LC2"
        id="reference-1"
      >
        <gl-icon-stub
          name="link"
          size="12"
        />
        2
      </a>
      <a
        class="diff-line-num js-line-number"
        data-line-number="3"
        href="#LC3"
        id="reference-2"
      >
        <gl-icon-stub
          name="link"
          size="12"
        />
        3
      </a>
    </div>
    <div
      class="blob-content"
    >
      <pre
        class="code gl-display-flex gl-p-0! highlight"
      >
        <code
          data-blob-hash="foo-bar"
        >
          <span
            id="reference-3"
          >
            First
          </span>
          <span
            id="reference-4"
          >
            Second
          </span>
          <span
            id="reference-5"
          >
            Third
          </span>
        </code>
      </pre>
    </div>
  </div>
</div>
`;
