// Jest Snapshot v1, https://goo.gl/fbAQLP

exports[`Package code instruction multiline to match the snapshot 1`] = `
<div>
  <label
    for="instruction-input_1"
  >
    foo_label
  </label>
  <div>
    <pre
      class="gl-font-monospace"
      data-testid="multiline-instruction"
    >
      this is somemultiline text
    </pre>
  </div>
</div>
`;

exports[`Package code instruction single line to match the default snapshot 1`] = `
<div>
  <label
    for="reference-0"
  >
    foo_label
  </label>
  <div
    class="gl-mb-3"
  >
    <div
      class="gl-mb-3 input-group"
    >
      <input
        class="form-control gl-font-monospace"
        data-testid="instruction-input"
        id="reference-0"
        readonly=""
        type="text"
      />
      <span
        class="input-group-append"
        data-testid="instruction-button"
      >
        <clipboard-button-stub
          category="secondary"
          class="input-group-text"
          size="medium"
          text="npm i @my-package"
          title="Copy npm install command"
          tooltipplacement="top"
          variant="default"
        />
      </span>
    </div>
  </div>
</div>
`;
