// Jest Snapshot v1, https://goo.gl/fbAQLP

exports[`packages_list_row renders 1`] = `
<div
  class="gl-border-b-1 gl-border-b-gray-100 gl-border-b-solid gl-border-t-1 gl-border-t-solid gl-border-t-transparent gl-display-flex gl-flex-direction-column"
  data-testid="package-row"
>
  <div
    class="gl-align-items-center gl-display-flex gl-py-3"
  >
    <div
      class="gl-display-flex gl-justify-content-start gl-pl-2 gl-w-7"
    >
      <gl-form-checkbox-stub
        class="gl-m-0"
        id="reference-0"
      />
    </div>
    <div
      class="gl-align-items-stretch gl-display-flex gl-flex-grow-1 gl-justify-content-space-between gl-xs-flex-direction-column"
    >
      <div
        class="gl-display-flex gl-flex-direction-column gl-flex-grow-1 gl-min-w-0 gl-xs-mb-3"
      >
        <div
          class="gl-align-items-center gl-display-flex gl-font-weight-bold gl-min-h-6 gl-min-w-0 gl-text-body"
        >
          <div
            class="gl-align-items-center gl-display-flex gl-min-w-0 gl-mr-3"
          >
            <router-link-stub
              ariacurrentvalue="page"
              class="gl-min-w-0 gl-text-body"
              data-testid="details-link"
              event="click"
              tag="a"
              to="[object Object]"
            >
              <gl-truncate-stub
                position="end"
                text="@gitlab-org/package-15"
              />
            </router-link-stub>
          </div>
        </div>
        <div
          class="gl-align-items-center gl-display-flex gl-flex-grow-1 gl-min-h-6 gl-min-w-0 gl-text-gray-500"
        >
          <div
            class="gl-align-items-center gl-display-flex"
            data-testid="left-secondary-infos"
          >
            <gl-truncate-stub
              class="gl-max-w-15 gl-md-max-w-26"
              position="end"
              text="1.0.0"
              withtooltip="true"
            />
            <span
              class="gl-ml-2"
              data-testid="package-type"
            >
              Â· npm
            </span>
          </div>
        </div>
      </div>
      <div
        class="gl-display-flex gl-flex-direction-column gl-flex-shrink-0 gl-justify-content-space-between gl-sm-align-items-flex-end gl-text-gray-500"
      >
        <div
          class="gl-align-items-center gl-display-flex gl-min-h-6 gl-sm-font-weight-bold gl-sm-text-body"
        >
          <publish-method-stub />
        </div>
        <div
          class="gl-align-items-center gl-display-flex gl-min-h-6"
        >
          <span
            data-testid="right-secondary"
          >
            Published
            <time
              datetime="2020-05-17T14:23:32Z"
              title="May 17, 2020 2:23pm UTC"
            >
              1 month ago
            </time>
          </span>
        </div>
      </div>
    </div>
    <div
      class="gl-display-flex gl-justify-content-end gl-pr-1 gl-w-9"
    >
      <gl-disclosure-dropdown-stub
        autoclose="true"
        category="tertiary"
        data-testid="delete-dropdown"
        icon="ellipsis_v"
        items=""
        nocaret="true"
        placement="left"
        positioningstrategy="absolute"
        size="medium"
        textsronly="true"
        toggleid="dropdown-toggle-btn-3"
        toggletext="More actions"
        variant="default"
      >
        <gl-disclosure-dropdown-item-stub
          data-testid="action-delete"
        >
          <span
            class="gl-text-red-500"
          >
            Delete package
          </span>
        </gl-disclosure-dropdown-item-stub>
      </gl-disclosure-dropdown-stub>
    </div>
  </div>
</div>
`;
