// Jest Snapshot v1, https://goo.gl/fbAQLP

exports[`Design management toolbar component renders design and updated data 1`] = `
<header
  class="gl-align-items-center gl-bg-white gl-display-flex gl-justify-content-space-between gl-pl-4 gl-py-4 js-design-header"
>
  <div
    class="gl-align-items-center gl-display-flex"
  >
    <a
      aria-label="Go back to designs"
      class="gl-align-items-center gl-display-flex gl-justify-content-center gl-mr-5 text-plain"
      data-testid="close-design"
    >
      <gl-icon-stub
        name="close"
        size="16"
      />
    </a>
    <div
      class="gl-align-items-center gl-display-flex gl-overflow-hidden"
    >
      <h2
        class="gl-font-base gl-m-0 str-truncated-100"
      >
        test.jpg
      </h2>
      <small
        class="gl-text-gray-500"
      >
        Updated 1 hour ago by Test Name
      </small>
    </div>
  </div>
  <design-navigation-stub
    class="gl-flex-shrink-0 gl-ml-auto"
    id="reference-0"
  />
  <gl-button-stub
    aria-label="Download design"
    buttontextclasses=""
    category="primary"
    href="/-/designs/306/7f747adcd4693afadbe968d7ba7d983349b9012d"
    icon="download"
    size="medium"
    title="Download design"
    variant="default"
  />
  <delete-button-stub
    buttoncategory="secondary"
    buttonclass=""
    buttonicon="archive"
    buttonsize="medium"
    buttonvariant="default"
    class="gl-ml-3"
    hasselecteddesigns="true"
    title="Archive design"
  />
</header>
`;
